Flow report for Hollow_Knight
Wed May 03 08:21:20 2023
Quartus Prime Version 18.1.0 Build 625 09/12/2018 SJ Lite Edition


---------------------
; Table of Contents ;
---------------------
  1. Legal Notice
  2. Flow Summary
  3. Flow Settings
  4. Flow Non-Default Global Settings
  5. Flow Elapsed Time
  6. Flow OS Summary
  7. Flow Log
  8. Flow Messages
  9. Flow Suppressed Messages



----------------
; Legal Notice ;
----------------
Copyright (C) 2018  Intel Corporation. All rights reserved.
Your use of Intel Corporation's design tools, logic functions 
and other software and tools, and its AMPP partner logic 
functions, and any output files from any of the foregoing 
(including device programming or simulation files), and any 
associated documentation or information are expressly subject 
to the terms and conditions of the Intel Program License 
Subscription Agreement, the Intel Quartus Prime License Agreement,
the Intel FPGA IP License Agreement, or other applicable license
agreement, including, without limitation, that your use is for
the sole purpose of programming logic devices manufactured by
Intel and sold by Intel or its authorized distributors.  Please
refer to the applicable agreement for further details.



+----------------------------------------------------------------------------------+
; Flow Summary                                                                     ;
+------------------------------------+---------------------------------------------+
; Flow Status                        ; Successful - Wed May 03 08:21:20 2023       ;
; Quartus Prime Version              ; 18.1.0 Build 625 09/12/2018 SJ Lite Edition ;
; Revision Name                      ; Hollow_Knight                               ;
; Top-level Entity Name              ; Hollow_Knight                               ;
; Family                             ; MAX 10                                      ;
; Device                             ; 10M50DAF484C7G                              ;
; Timing Models                      ; Final                                       ;
; Total logic elements               ; 5,006 / 49,760 ( 10 % )                     ;
;     Total combinational functions  ; 4,413 / 49,760 ( 9 % )                      ;
;     Dedicated logic registers      ; 2,498 / 49,760 ( 5 % )                      ;
; Total registers                    ; 2567                                        ;
; Total pins                         ; 153 / 360 ( 43 % )                          ;
; Total virtual pins                 ; 0                                           ;
; Total memory bits                  ; 491,392 / 1,677,312 ( 29 % )                ;
; Embedded Multiplier 9-bit elements ; 4 / 288 ( 1 % )                             ;
; Total PLLs                         ; 1 / 4 ( 25 % )                              ;
; UFM blocks                         ; 0 / 1 ( 0 % )                               ;
; ADC blocks                         ; 0 / 2 ( 0 % )                               ;
+------------------------------------+---------------------------------------------+


+-----------------------------------------+
; Flow Settings                           ;
+-------------------+---------------------+
; Option            ; Setting             ;
+-------------------+---------------------+
; Start date & time ; 05/03/2023 08:19:24 ;
; Main task         ; Compilation         ;
; Revision Name     ; Hollow_Knight       ;
+-------------------+---------------------+


+---------------------------------------------------------------------------------------------------------------------------------------------------------------+
; Flow Non-Default Global Settings                                                                                                                              ;
+-------------------------------------+--------------------------------------------------------------------+---------------+-------------------+----------------+
; Assignment Name                     ; Value                                                              ; Default Value ; Entity Name       ; Section Id     ;
+-------------------------------------+--------------------------------------------------------------------+---------------+-------------------+----------------+
; COMPILER_SIGNATURE_ID               ; 173927344776831.168311996419124                                    ; --            ; --                ; --             ;
; EDA_OUTPUT_DATA_FORMAT              ; Systemverilog Hdl                                                  ; --            ; --                ; eda_simulation ;
; EDA_SIMULATION_TOOL                 ; ModelSim-Altera (SystemVerilog)                                    ; <None>        ; --                ; --             ;
; EDA_TIME_SCALE                      ; 1 ps                                                               ; --            ; --                ; eda_simulation ;
; MAX_CORE_JUNCTION_TEMP              ; 85                                                                 ; --            ; --                ; --             ;
; MIN_CORE_JUNCTION_TEMP              ; 0                                                                  ; --            ; --                ; --             ;
; MISC_FILE                           ; Hollow_Knightsoc/synthesis/../Hollow_Knightsoc.cmp                 ; --            ; --                ; --             ;
; MISC_FILE                           ; Hollow_Knightsoc/synthesis/../../Hollow_Knightsoc.qsys             ; --            ; --                ; --             ;
; OUTPUT_IO_TIMING_FAR_END_VMEAS      ; Half Signal Swing                                                  ; --            ; --                ; --             ;
; OUTPUT_IO_TIMING_FAR_END_VMEAS      ; Half Signal Swing                                                  ; --            ; --                ; --             ;
; OUTPUT_IO_TIMING_NEAR_END_VMEAS     ; Half Vccio                                                         ; --            ; --                ; --             ;
; OUTPUT_IO_TIMING_NEAR_END_VMEAS     ; Half Vccio                                                         ; --            ; --                ; --             ;
; PARTITION_COLOR                     ; -- (Not supported for targeted family)                             ; --            ; DE10_LITE_Default ; Top            ;
; PARTITION_COLOR                     ; -- (Not supported for targeted family)                             ; --            ; --                ; Top            ;
; PARTITION_FITTER_PRESERVATION_LEVEL ; -- (Not supported for targeted family)                             ; --            ; DE10_LITE_Default ; Top            ;
; PARTITION_FITTER_PRESERVATION_LEVEL ; -- (Not supported for targeted family)                             ; --            ; --                ; Top            ;
; PARTITION_NETLIST_TYPE              ; -- (Not supported for targeted family)                             ; --            ; DE10_LITE_Default ; Top            ;
; PARTITION_NETLIST_TYPE              ; -- (Not supported for targeted family)                             ; --            ; --                ; Top            ;
; POWER_BOARD_THERMAL_MODEL           ; None (CONSERVATIVE)                                                ; --            ; --                ; --             ;
; POWER_PRESET_COOLING_SOLUTION       ; 23 MM HEAT SINK WITH 200 LFPM AIRFLOW                              ; --            ; --                ; --             ;
; PROJECT_OUTPUT_DIRECTORY            ; output_files                                                       ; --            ; --                ; --             ;
; SLD_FILE                            ; Hollow_Knightsoc/synthesis/Hollow_Knightsoc.regmap                 ; --            ; --                ; --             ;
; SLD_FILE                            ; Hollow_Knightsoc/synthesis/Hollow_Knightsoc.debuginfo              ; --            ; --                ; --             ;
; SLD_INFO                            ; QSYS_NAME Hollow_Knightsoc HAS_SOPCINFO 1 GENERATION_ID 1682461977 ; --            ; Hollow_Knightsoc  ; --             ;
; SOPCINFO_FILE                       ; Hollow_Knightsoc/synthesis/../../Hollow_Knightsoc.sopcinfo         ; --            ; --                ; --             ;
; SYNTHESIS_ONLY_QIP                  ; On                                                                 ; --            ; --                ; --             ;
+-------------------------------------+--------------------------------------------------------------------+---------------+-------------------+----------------+


+--------------------------------------------------------------------------------------------------------------------------+
; Flow Elapsed Time                                                                                                        ;
+----------------------+--------------+-------------------------+---------------------+------------------------------------+
; Module Name          ; Elapsed Time ; Average Processors Used ; Peak Virtual Memory ; Total CPU Time (on all processors) ;
+----------------------+--------------+-------------------------+---------------------+------------------------------------+
; Analysis & Synthesis ; 00:00:59     ; 1.0                     ; 5054 MB             ; 00:00:17                           ;
; Fitter               ; 00:00:33     ; 1.8                     ; 6165 MB             ; 00:00:30                           ;
; Assembler            ; 00:00:03     ; 1.0                     ; 4718 MB             ; 00:00:02                           ;
; Timing Analyzer      ; 00:00:08     ; 3.3                     ; 4982 MB             ; 00:00:11                           ;
; EDA Netlist Writer   ; 00:00:03     ; 1.0                     ; 4752 MB             ; 00:00:01                           ;
; Total                ; 00:01:46     ; --                      ; --                  ; 00:01:01                           ;
+----------------------+--------------+-------------------------+---------------------+------------------------------------+


+------------------------------------------------------------------------------------+
; Flow OS Summary                                                                    ;
+----------------------+------------------+------------+------------+----------------+
; Module Name          ; Machine Hostname ; OS Name    ; OS Version ; Processor type ;
+----------------------+------------------+------------+------------+----------------+
; Analysis & Synthesis ; LAPTOP-AD84OHD0  ; Windows 10 ; 10.0       ; x86_64         ;
; Fitter               ; LAPTOP-AD84OHD0  ; Windows 10 ; 10.0       ; x86_64         ;
; Assembler            ; LAPTOP-AD84OHD0  ; Windows 10 ; 10.0       ; x86_64         ;
; Timing Analyzer      ; LAPTOP-AD84OHD0  ; Windows 10 ; 10.0       ; x86_64         ;
; EDA Netlist Writer   ; LAPTOP-AD84OHD0  ; Windows 10 ; 10.0       ; x86_64         ;
+----------------------+------------------+------------+------------+----------------+


------------
; Flow Log ;
------------
quartus_map --read_settings_files=on --write_settings_files=off Hollow_Knight -c Hollow_Knight
quartus_fit --read_settings_files=off --write_settings_files=off Hollow_Knight -c Hollow_Knight
quartus_asm --read_settings_files=off --write_settings_files=off Hollow_Knight -c Hollow_Knight
quartus_sta Hollow_Knight -c Hollow_Knight
quartus_eda --read_settings_files=off --write_settings_files=off Hollow_Knight -c Hollow_Knight



